{"at":"2016-06-12T12:34:56Z","env":"production","ns":["foo"],"data":{"note":{"deep":"some note"}},"app":["app"],"msg":"message","pid":"7331","loc":null,"host":"example","sev":"Debug","thread":"1337"}
{"at":"2016-06-12T12:34:56Z","env":"production","ns":["foo"],"data":{"note":{"deep":"some note"}},"app":["app"],"msg":"message","pid":"7331","loc":null,"host":"example","sev":"Info","thread":"1337"}
{"at":"2016-06-12T12:34:56Z","env":"production","ns":["foo"],"data":{"note":{"deep":"some note"}},"app":["app"],"msg":"message","pid":"7331","loc":null,"host":"example","sev":"Notice","thread":"1337"}
{"at":"2016-06-12T12:34:56Z","env":"production","ns":["foo"],"data":{"note":{"deep":"some note"}},"app":["app"],"msg":"message","pid":"7331","loc":null,"host":"example","sev":"Warning","thread":"1337"}
{"at":"2016-06-12T12:34:56Z","env":"production","ns":["foo"],"data":{"note":{"deep":"some note"}},"app":["app"],"msg":"message","pid":"7331","loc":null,"host":"example","sev":"Error","thread":"1337"}
{"at":"2016-06-12T12:34:56Z","env":"production","ns":["foo"],"data":{"note":{"deep":"some note"}},"app":["app"],"msg":"message","pid":"7331","loc":null,"host":"example","sev":"Critical","thread":"1337"}
{"at":"2016-06-12T12:34:56Z","env":"production","ns":["foo"],"data":{"note":{"deep":"some note"}},"app":["app"],"msg":"message","pid":"7331","loc":null,"host":"example","sev":"Alert","thread":"1337"}
{"at":"2016-06-12T12:34:56Z","env":"production","ns":["foo"],"data":{"note":{"deep":"some note"}},"app":["app"],"msg":"message","pid":"7331","loc":null,"host":"example","sev":"Emergency","thread":"1337"}
{"at":"2016-06-12T12:34:56Z","env":"production","ns":["foo"],"data":{"note":{"deep":"some note"}},"app":["app"],"msg":"message","pid":"7331","loc":null,"host":"example","sev":"Info","thread":"0"}
{"at":"2016-06-12T12:34:56Z","env":"production","ns":["foo"],"data":{"note":{"deep":"some note"}},"app":["app"],"msg":"message","pid":"7331","loc":null,"host":"example","sev":"Info","thread":"1"}
{"at":"2016-06-12T12:34:56Z","env":"production","ns":["foo"],"data":{"note":{"deep":"some note"}},"app":["app"],"msg":"message","pid":"7331","loc":null,"host":"example","sev":"Info","thread":"1337"}
{"at":"2016-06-12T12:34:56Z","env":"production","ns":["foo"],"data":{"note":{"deep":"some note"}},"app":["app"],"msg":"message","pid":"7331","loc":null,"host":"example","sev":"Info","thread":"2147483647"}
{"at":"2016-06-12T12:34:56Z","env":"production","ns":["foo"],"data":{"note":{"deep":"some note"}},"app":["app"],"msg":"message","pid":"7331","loc":null,"host":"example","sev":"Info","thread":"1337"}
{"at":"2016-06-12T12:34:56Z","env":"production","ns":["foo"],"data":{"note":{"deep":"some note"}},"app":["app"],"msg":"message","pid":"7331","loc":null,"host":"www.example.com","sev":"Info","thread":"1337"}
{"at":"2016-06-12T12:34:56Z","env":"production","ns":["foo"],"data":{"note":{"deep":"some note"}},"app":["app"],"msg":"message","pid":"7331","loc":null,"host":"127.0.0.1","sev":"Info","thread":"1337"}
{"at":"2016-06-12T12:34:56Z","env":"production","ns":["foo"],"data":{"note":{"deep":"some note"}},"app":["app"],"msg":"message","pid":"0","loc":null,"host":"example","sev":"Info","thread":"1337"}
{"at":"2016-06-12T12:34:56Z","env":"production","ns":["foo"],"data":{"note":{"deep":"some note"}},"app":["app"],"msg":"message","pid":"1","loc":null,"host":"example","sev":"Info","thread":"1337"}
{"at":"2016-06-12T12:34:56Z","env":"production","ns":["foo"],"data":{"note":{"deep":"some note"}},"app":["app"],"msg":"message","pid":"1337","loc":null,"host":"example","sev":"Info","thread":"1337"}
{"at":"2016-06-12T12:34:56Z","env":"production","ns":["foo"],"data":{"note":{"deep":"some note"}},"app":["app"],"msg":"message","pid":"2147483647","loc":null,"host":"example","sev":"Info","thread":"1337"}
{"at":"2016-06-12T12:34:56Z","env":"production","ns":["foo"],"data":{"note":{"deep":"some note"}},"app":["app"],"msg":"message","pid":"7331","loc":null,"host":"example","sev":"Info","thread":"1337"}
{"at":"2016-06-12T12:34:56Z","env":"production","ns":["foo"],"data":{"note":{"deep":"some note"}},"app":["app"],"msg":"message\nwith newline","pid":"7331","loc":null,"host":"example","sev":"Info","thread":"1337"}
{"at":"2016-06-12T12:34:56Z","env":"production","ns":["foo"],"data":{"note":{"deep":"some note"}},"app":["app"],"msg":" a really long message a really long message a really long message a really long message a really long message a really long message a really long message a really long message a really long message a really long message a really long message a really long message a really long message a really long message a really long message a really long message a really long message a really long message a really long message a really long message a really long message a really long message a really long message a really long message a really long message a really long message a really long message a really long message a really long message a really long message a really long message a really long message a really long message a really long message a really long message a really long message a really long message a really long message a really long message a really long message","pid":"7331","loc":null,"host":"example","sev":"Info","thread":"1337"}
{"at":"2016-06-12T12:34:56Z","env":"production","ns":["foo"],"data":{"note":{"deep":"some note"}},"app":["app"],"msg":"сообщение","pid":"7331","loc":null,"host":"example","sev":"Info","thread":"1337"}
{"at":"2016-06-12T12:34:56Z","env":"production","ns":["foo"],"data":{"note":{"deep":"some note"}},"app":["app"],"msg":"哈囉世界","pid":"7331","loc":null,"host":"example","sev":"Info","thread":"1337"}
{"at":"2000-01-01T00:00:00Z","env":"production","ns":["foo"],"data":{"note":{"deep":"some note"}},"app":["app"],"msg":"message","pid":"7331","loc":null,"host":"example","sev":"Info","thread":"1337"}
{"at":"2123-12-31T23:59:59.999999999999Z","env":"production","ns":["foo"],"data":{"note":{"deep":"some note"}},"app":["app"],"msg":"message","pid":"7331","loc":null,"host":"example","sev":"Info","thread":"1337"}
{"at":"2016-10-10T01:01:05Z","env":"production","ns":["foo"],"data":{"note":{"deep":"some note"}},"app":["app"],"msg":"message","pid":"7331","loc":null,"host":"example","sev":"Info","thread":"1337"}
{"at":"2100-12-31T12:59:10.1Z","env":"production","ns":["foo"],"data":{"note":{"deep":"some note"}},"app":["app"],"msg":"message","pid":"7331","loc":null,"host":"example","sev":"Info","thread":"1337"}
{"at":"1982-01-01T12:30:00.000000000001Z","env":"production","ns":["foo"],"data":{"note":{"deep":"some note"}},"app":["app"],"msg":"message","pid":"7331","loc":null,"host":"example","sev":"Info","thread":"1337"}
{"at":"2016-06-12T12:34:56Z","env":"production","ns":["foo"],"data":{"note":{"deep":"some note"}},"app":["app"],"msg":"message","pid":"7331","loc":null,"host":"example","sev":"Info","thread":"1337"}
{"at":"2016-06-12T12:34:56Z","env":"production","ns":["foo","bar"],"data":{"note":{"deep":"some note"}},"app":["app"],"msg":"message","pid":"7331","loc":null,"host":"example","sev":"Info","thread":"1337"}
{"at":"2016-06-12T12:34:56Z","env":"production","ns":["фу","бар"],"data":{"note":{"deep":"some note"}},"app":["app"],"msg":"message","pid":"7331","loc":null,"host":"example","sev":"Info","thread":"1337"}
{"at":"2016-06-12T12:34:56Z","env":"production","ns":["with\nnewline"],"data":{"note":{"deep":"some note"}},"app":["app"],"msg":"message","pid":"7331","loc":null,"host":"example","sev":"Info","thread":"1337"}
{"at":"2016-06-12T12:34:56Z","env":"production","ns":["foo"],"data":{"note":{"deep":"some note"}},"app":["app"],"msg":"message","pid":"7331","loc":null,"host":"example","sev":"Info","thread":"1337"}
{"at":"2016-06-12T12:34:56Z","env":"production","ns":["foo"],"data":{"note":{"deep":"some note"}},"app":["app"],"msg":"message","pid":"7331","loc":{"loc_col":1,"loc_pkg":"main","loc_mod":"Some.Module","loc_fn":"path/Some/Module.hs","loc_ln":30},"host":"example","sev":"Info","thread":"1337"}
{"at":"2016-06-12T12:34:56Z","env":"production","ns":["foo"],"data":{"note":{"deep":"some note"}},"app":["app"],"msg":"message","pid":"7331","loc":{"loc_col":9000,"loc_pkg":"main","loc_mod":"Some.Module","loc_fn":"путь/Some/Module.hs","loc_ln":3000},"host":"example","sev":"Info","thread":"1337"}
{"at":"2016-06-12T12:34:56Z","env":"production","ns":["foo"],"data":{"sub":null,"list":[],"text":"","num":0,"float":0},"app":["app"],"msg":"message","pid":"7331","loc":null,"host":"example","sev":"Info","thread":"1337"}
{"at":"2016-06-12T12:34:56Z","env":"production","ns":["foo"],"data":{"sub":{"note":{"deep":"some note"}},"list":["one","two","three"],"text":"note","num":10,"float":5.5},"app":["app"],"msg":"message","pid":"7331","loc":null,"host":"example","sev":"Info","thread":"1337"}
